A <N TYPE="NATION">törökök</N> nyilai <V TYPE="AGGR">eltalálták</V> a magyarokat.