<ADV TYPE="Date">On Monday</ADV> the sun shines.
<ADV TYPE="Date">On Tuesday</ADV> it rains.